NOTE: RAPL energy counter unavailable (/sys/class/powercap/intel-rapl:0/energy_uj: Permission denied) — energy columns will read as -1.
  On x86 this is almost always a permission issue: /sys/class/powercap/intel-rapl:0/energy_uj is root-only by default.
  Options: run via sudo, `sudo setcap cap_dac_read_search=ep <binary>`, or a udev rule granting read access.
=================================================================
  PQC Benchmark — Dilithium / FALCON / SPHINCS+
  liboqs version : 0.16.0
  iterations     : 100  (+ 100ms time-bounded warm-up)
  message size   : 64 bytes
  output CSV     : /home/vhbr/Projects/TCC/Benchmarking/refopt_clean_x86/opt_SLH_DSA_PURE_SHA2_128S.csv
  raw samples CSV: /home/vhbr/Projects/TCC/Benchmarking/refopt_clean_x86/opt_SLH_DSA_PURE_SHA2_128S_raw.csv
  isolating algo : SLH_DSA_PURE_SHA2_128S
  CPU dispatch   : optimized build, real cpuid read: AVX2=1 BMI2=1 POPCNT=1
                   -> ML-DSA dispatches to: x86_64-optimized (AVX2 asm)
                   -> Falcon dispatches to: avx2-optimized
  Timer overhead : CLOCK_MONOTONIC=15.8 ns/call (consistent with vDSO)
                   CLOCK_PROCESS_CPUTIME_ID=394.7 ns/call (consistent with syscall path)
                   (measured here, not assumed — see log_timer_overhead())
=================================================================

[SLH-DSA-SHA2-128s (SPHINCS+)]  (NIST Level 1)
  SLH-DSA-SHA2-128s (SPHINCS+) keygen    mean= 212037178 cyc  median= 212056119 cyc  std=   198324 cyc  P99= 212463916 cyc  |  mean= 41.5976 ms  mem_delta=    0 kB  energy=n/a
  SLH-DSA-SHA2-128s (SPHINCS+) sign      mean=1608759309 cyc  median=1607946770 cyc  std=  5711426 cyc  P99=1622015370 cyc  |  mean=316.0948 ms  mem_delta=    0 kB  energy=n/a
  SLH-DSA-SHA2-128s (SPHINCS+) verify    mean=   1536560 cyc  median=   1532271 cyc  std=    22542 cyc  P99=   1641566 cyc  |  mean=  0.3041 ms  mem_delta=    0 kB  energy=n/a
  SLH-DSA-SHA2-128s (SPHINCS+) verify_invalid  mean=   1564491 cyc  median=   1564198 cyc  std=     3442 cyc  P99=   1572160 cyc  |  mean=  0.3095 ms  mem_delta=    0 kB  energy=n/a
  Stack high-water mark : 6336 bytes (see /home/vhbr/Projects/TCC/Benchmarking/refopt_clean_x86/opt_SLH_DSA_PURE_SHA2_128S.csv.stack_hwm_bytes)

=================================================================
  Done. Results written to: /home/vhbr/Projects/TCC/Benchmarking/refopt_clean_x86/opt_SLH_DSA_PURE_SHA2_128S.csv
=================================================================
