NOTE: RAPL energy counter unavailable (/sys/class/powercap/intel-rapl:0/energy_uj: Permission denied) — energy columns will read as -1.
  On x86 this is almost always a permission issue: /sys/class/powercap/intel-rapl:0/energy_uj is root-only by default.
  Options: run via sudo, `sudo setcap cap_dac_read_search=ep <binary>`, or a udev rule granting read access.
=================================================================
  PQC Benchmark — Dilithium / FALCON / SPHINCS+
  liboqs version : 0.16.0
  iterations     : 100  (+ 100ms time-bounded warm-up)
  message size   : 64 bytes
  output CSV     : /home/vhbr/Projects/TCC/Benchmarking/refopt_clean_x86/opt_ML-DSA-44.csv
  raw samples CSV: /home/vhbr/Projects/TCC/Benchmarking/refopt_clean_x86/opt_ML-DSA-44_raw.csv
  isolating algo : ML-DSA-44
  CPU dispatch   : optimized build, real cpuid read: AVX2=1 BMI2=1 POPCNT=1
                   -> ML-DSA dispatches to: x86_64-optimized (AVX2 asm)
                   -> Falcon dispatches to: avx2-optimized
  Timer overhead : CLOCK_MONOTONIC=16.4 ns/call (consistent with vDSO)
                   CLOCK_PROCESS_CPUTIME_ID=395.7 ns/call (consistent with syscall path)
                   (measured here, not assumed — see log_timer_overhead())
=================================================================

[ML-DSA-44 (Dilithium2)]  (NIST Level 2)
  ML-DSA-44 (Dilithium2)       keygen    mean=     53231 cyc  median=     53303 cyc  std=      362 cyc  P99=     53935 cyc  |  mean=  0.0129 ms  mem_delta=    0 kB  energy=n/a
  ML-DSA-44 (Dilithium2)       sign      mean=    167320 cyc  median=    140286 cyc  std=    92011 cyc  P99=    442267 cyc  |  mean=  0.0378 ms  mem_delta=    0 kB  energy=n/a
  ML-DSA-44 (Dilithium2)       verify    mean=     56438 cyc  median=     56404 cyc  std=      213 cyc  P99=     57430 cyc  |  mean=  0.0133 ms  mem_delta=    0 kB  energy=n/a
  ML-DSA-44 (Dilithium2)       verify_invalid  mean=     56398 cyc  median=     56372 cyc  std=      196 cyc  P99=     57270 cyc  |  mean=  0.0133 ms  mem_delta=    0 kB  energy=n/a
  Stack high-water mark : 50560 bytes (see /home/vhbr/Projects/TCC/Benchmarking/refopt_clean_x86/opt_ML-DSA-44.csv.stack_hwm_bytes)

=================================================================
  Done. Results written to: /home/vhbr/Projects/TCC/Benchmarking/refopt_clean_x86/opt_ML-DSA-44.csv
=================================================================
