NOTE: RAPL energy counter unavailable (/sys/class/powercap/intel-rapl:0/energy_uj: Permission denied) — energy columns will read as -1.
  On x86 this is almost always a permission issue: /sys/class/powercap/intel-rapl:0/energy_uj is root-only by default.
  Options: run via sudo, `sudo setcap cap_dac_read_search=ep <binary>`, or a udev rule granting read access.
=================================================================
  PQC Benchmark — Dilithium / FALCON / SPHINCS+
  liboqs version : 0.16.0
  iterations     : 100  (+ 100ms time-bounded warm-up)
  message size   : 64 bytes
  output CSV     : /home/vhbr/Projects/TCC/Benchmarking/refopt_clean_x86/opt_Falcon-1024.csv
  raw samples CSV: /home/vhbr/Projects/TCC/Benchmarking/refopt_clean_x86/opt_Falcon-1024_raw.csv
  isolating algo : Falcon-1024
  CPU dispatch   : optimized build, real cpuid read: AVX2=1 BMI2=1 POPCNT=1
                   -> ML-DSA dispatches to: x86_64-optimized (AVX2 asm)
                   -> Falcon dispatches to: avx2-optimized
  Timer overhead : CLOCK_MONOTONIC=15.8 ns/call (consistent with vDSO)
                   CLOCK_PROCESS_CPUTIME_ID=396.1 ns/call (consistent with syscall path)
                   (measured here, not assumed — see log_timer_overhead())
=================================================================

[Falcon-1024]  (NIST Level 5)
  Falcon-1024                  keygen    mean=  61815002 cyc  median=  57515236 cyc  std= 12377732 cyc  P99= 106165622 cyc  |  mean= 12.0360 ms  mem_delta=    0 kB  energy=n/a
  Falcon-1024                  sign      mean=   1143422 cyc  median=   1143768 cyc  std=     8211 cyc  P99=   1160443 cyc  |  mean=  0.2265 ms  mem_delta=    0 kB  energy=n/a
  Falcon-1024                  verify    mean=    243489 cyc  median=    243314 cyc  std=      497 cyc  P99=    245545 cyc  |  mean=  0.0493 ms  mem_delta=    0 kB  energy=n/a
  Falcon-1024                  verify_invalid  mean=    243603 cyc  median=    243399 cyc  std=      512 cyc  P99=    245791 cyc  |  mean=  0.0493 ms  mem_delta=    0 kB  energy=n/a
  Stack high-water mark : 87744 bytes (see /home/vhbr/Projects/TCC/Benchmarking/refopt_clean_x86/opt_Falcon-1024.csv.stack_hwm_bytes)

=================================================================
  Done. Results written to: /home/vhbr/Projects/TCC/Benchmarking/refopt_clean_x86/opt_Falcon-1024.csv
=================================================================
