NOTE: RAPL energy counter unavailable (/sys/class/powercap/intel-rapl:0/energy_uj: Permission denied) — energy columns will read as -1.
  On x86 this is almost always a permission issue: /sys/class/powercap/intel-rapl:0/energy_uj is root-only by default.
  Options: run via sudo, `sudo setcap cap_dac_read_search=ep <binary>`, or a udev rule granting read access.
=================================================================
  PQC Benchmark — Dilithium / FALCON / SPHINCS+
  liboqs version : 0.16.0
  iterations     : 100  (+ 100ms time-bounded warm-up)
  message size   : 64 bytes
  output CSV     : /home/vhbr/Projects/TCC/Benchmarking/refopt_clean_x86/ref_Falcon-1024.csv
  raw samples CSV: /home/vhbr/Projects/TCC/Benchmarking/refopt_clean_x86/ref_Falcon-1024_raw.csv
  isolating algo : Falcon-1024
  CPU dispatch   : reference-only build (OQS_DIST_BUILD off) —
                   optimized backends are not compiled in; every
                   call below is unconditionally the portable path.
  Timer overhead : CLOCK_MONOTONIC=15.8 ns/call (consistent with vDSO)
                   CLOCK_PROCESS_CPUTIME_ID=393.4 ns/call (consistent with syscall path)
                   (measured here, not assumed — see log_timer_overhead())
=================================================================

[Falcon-1024]  (NIST Level 5)
  Falcon-1024                  keygen    mean= 133998858 cyc  median= 113234874 cyc  std= 56325049 cyc  P99= 386196366 cyc  |  mean= 26.0871 ms  mem_delta=    0 kB  energy=n/a
  Falcon-1024                  sign      mean=  29326829 cyc  median=  29322214 cyc  std=    49610 cyc  P99=  29420800 cyc  |  mean=  5.7107 ms  mem_delta=    0 kB  energy=n/a
  Falcon-1024                  verify    mean=    233428 cyc  median=    233514 cyc  std=      735 cyc  P99=    235091 cyc  |  mean=  0.0472 ms  mem_delta=    0 kB  energy=n/a
  Falcon-1024                  verify_invalid  mean=    234060 cyc  median=    233760 cyc  std=     2367 cyc  P99=    246451 cyc  |  mean=  0.0480 ms  mem_delta=    0 kB  energy=n/a
  Stack high-water mark : 87248 bytes (see /home/vhbr/Projects/TCC/Benchmarking/refopt_clean_x86/ref_Falcon-1024.csv.stack_hwm_bytes)

=================================================================
  Done. Results written to: /home/vhbr/Projects/TCC/Benchmarking/refopt_clean_x86/ref_Falcon-1024.csv
=================================================================
