NOTE: RAPL energy counter unavailable (/sys/class/powercap/intel-rapl:0/energy_uj: No such file or directory) — energy columns will read as -1.
  On x86 this is almost always a permission issue: /sys/class/powercap/intel-rapl:0/energy_uj is root-only by default.
  Options: run via sudo, `sudo setcap cap_dac_read_search=ep <binary>`, or a udev rule granting read access.
=================================================================
  PQC Benchmark — Dilithium / FALCON / SPHINCS+
  liboqs version : 0.16.0
  iterations     : 100  (+ 100ms time-bounded warm-up)
  message size   : 64 bytes
  output CSV     : /home/vhbraz/bench-full-latest/refopt_clean_arm/opt_ML-DSA-87.csv
  raw samples CSV: /home/vhbraz/bench-full-latest/refopt_clean_arm/opt_ML-DSA-87_raw.csv
  isolating algo : ML-DSA-87
  CPU dispatch   : optimized build, real getauxval read: ARM_NEON=1
                   -> ML-DSA dispatches to: aarch64-optimized (NEON asm)
                   -> Falcon dispatches to: aarch64-optimized
  Timer overhead : CLOCK_MONOTONIC=52.8 ns/call (consistent with vDSO)
                   CLOCK_PROCESS_CPUTIME_ID=833.6 ns/call (consistent with syscall path)
                   (measured here, not assumed — see log_timer_overhead())
=================================================================

[ML-DSA-87 (Dilithium5)]  (NIST Level 5)
  ML-DSA-87 (Dilithium5)       keygen    mean=    761040 cyc  median=    761918 cyc  std=     2944 cyc  P99=    764367 cyc  |  mean=  0.4292 ms  mem_delta=    0 kB  energy=n/a
  ML-DSA-87 (Dilithium5)       sign      mean=   1263462 cyc  median=   1078894 cyc  std=   505647 cyc  P99=   2951663 cyc  |  mean=  0.7085 ms  mem_delta=    0 kB  energy=n/a
  ML-DSA-87 (Dilithium5)       verify    mean=    718196 cyc  median=    717782 cyc  std=     1369 cyc  P99=    720770 cyc  |  mean=  0.4049 ms  mem_delta=    0 kB  energy=n/a
  ML-DSA-87 (Dilithium5)       verify_invalid  mean=    718325 cyc  median=    718097 cyc  std=      690 cyc  P99=    720449 cyc  |  mean=  0.4043 ms  mem_delta=    0 kB  energy=n/a
  Stack high-water mark : 115984 bytes (see /home/vhbraz/bench-full-latest/refopt_clean_arm/opt_ML-DSA-87.csv.stack_hwm_bytes)

=================================================================
  Done. Results written to: /home/vhbraz/bench-full-latest/refopt_clean_arm/opt_ML-DSA-87.csv
=================================================================
