NOTE: RAPL energy counter unavailable (/sys/class/powercap/intel-rapl:0/energy_uj: No such file or directory) — energy columns will read as -1.
  On x86 this is almost always a permission issue: /sys/class/powercap/intel-rapl:0/energy_uj is root-only by default.
  Options: run via sudo, `sudo setcap cap_dac_read_search=ep <binary>`, or a udev rule granting read access.
=================================================================
  PQC Benchmark — Dilithium / FALCON / SPHINCS+
  liboqs version : 0.16.0
  iterations     : 100  (+ 100ms time-bounded warm-up)
  message size   : 64 bytes
  output CSV     : /home/vhbraz/bench-full-latest/refopt_clean_arm/opt_Falcon-1024.csv
  raw samples CSV: /home/vhbraz/bench-full-latest/refopt_clean_arm/opt_Falcon-1024_raw.csv
  isolating algo : Falcon-1024
  CPU dispatch   : optimized build, real getauxval read: ARM_NEON=1
                   -> ML-DSA dispatches to: aarch64-optimized (NEON asm)
                   -> Falcon dispatches to: aarch64-optimized
  Timer overhead : CLOCK_MONOTONIC=43.9 ns/call (consistent with vDSO)
                   CLOCK_PROCESS_CPUTIME_ID=835.3 ns/call (consistent with syscall path)
                   (measured here, not assumed — see log_timer_overhead())
=================================================================

[Falcon-1024]  (NIST Level 5)
  Falcon-1024                  keygen    mean=  93633104 cyc  median=  83846244 cyc  std= 28007563 cyc  P99= 173226175 cyc  |  mean= 52.0936 ms  mem_delta=    0 kB  energy=n/a
  Falcon-1024                  sign      mean=   2280756 cyc  median=   2283024 cyc  std=    16923 cyc  P99=   2312824 cyc  |  mean=  1.2770 ms  mem_delta=    0 kB  energy=n/a
  Falcon-1024                  verify    mean=    327823 cyc  median=    327699 cyc  std=      452 cyc  P99=    329759 cyc  |  mean=  0.1867 ms  mem_delta=    0 kB  energy=n/a
  Falcon-1024                  verify_invalid  mean=     36710 cyc  median=     36708 cyc  std=       80 cyc  P99=     36892 cyc  |  mean=  0.0242 ms  mem_delta=    0 kB  energy=n/a
  Stack high-water mark : 88704 bytes (see /home/vhbraz/bench-full-latest/refopt_clean_arm/opt_Falcon-1024.csv.stack_hwm_bytes)

=================================================================
  Done. Results written to: /home/vhbraz/bench-full-latest/refopt_clean_arm/opt_Falcon-1024.csv
=================================================================
