NOTE: RAPL energy counter unavailable (/sys/class/powercap/intel-rapl:0/energy_uj: No such file or directory) — energy columns will read as -1.
  On x86 this is almost always a permission issue: /sys/class/powercap/intel-rapl:0/energy_uj is root-only by default.
  Options: run via sudo, `sudo setcap cap_dac_read_search=ep <binary>`, or a udev rule granting read access.
=================================================================
  PQC Benchmark — Dilithium / FALCON / SPHINCS+
  liboqs version : 0.16.0
  iterations     : 100  (+ 100ms time-bounded warm-up)
  message size   : 64 bytes
  output CSV     : /home/vhbraz/bench-full-latest/refopt_clean_arm/opt_SLH_DSA_PURE_SHAKE_128S.csv
  raw samples CSV: /home/vhbraz/bench-full-latest/refopt_clean_arm/opt_SLH_DSA_PURE_SHAKE_128S_raw.csv
  isolating algo : SLH_DSA_PURE_SHAKE_128S
  CPU dispatch   : optimized build, real getauxval read: ARM_NEON=1
                   -> ML-DSA dispatches to: aarch64-optimized (NEON asm)
                   -> Falcon dispatches to: aarch64-optimized
  Timer overhead : CLOCK_MONOTONIC=43.7 ns/call (consistent with vDSO)
                   CLOCK_PROCESS_CPUTIME_ID=829.1 ns/call (consistent with syscall path)
                   (measured here, not assumed — see log_timer_overhead())
=================================================================

[SLH-DSA-SHAKE-128s (SPHINCS+)]  (NIST Level 1)
  SLH-DSA-SHAKE-128s (SPHINCS+) keygen    mean= 661809837 cyc  median= 661769569 cyc  std=  1093743 cyc  P99= 661869515 cyc  |  mean=368.0941 ms  mem_delta=    0 kB  energy=n/a
  SLH-DSA-SHAKE-128s (SPHINCS+) sign      mean=5086509106 cyc  median=5086098716 cyc  std=  2182302 cyc  P99=5093522314 cyc  |  mean=2828.9712 ms  mem_delta=    0 kB  energy=n/a
  SLH-DSA-SHAKE-128s (SPHINCS+) verify    mean=   4816463 cyc  median=   4816432 cyc  std=      555 cyc  P99=   4818612 cyc  |  mean=  2.6841 ms  mem_delta=    0 kB  energy=n/a
  SLH-DSA-SHAKE-128s (SPHINCS+) verify_invalid  mean=   4850879 cyc  median=   4850875 cyc  std=      325 cyc  P99=   4851540 cyc  |  mean=  2.7021 ms  mem_delta=    0 kB  energy=n/a
  Stack high-water mark : 6512 bytes (see /home/vhbraz/bench-full-latest/refopt_clean_arm/opt_SLH_DSA_PURE_SHAKE_128S.csv.stack_hwm_bytes)

=================================================================
  Done. Results written to: /home/vhbraz/bench-full-latest/refopt_clean_arm/opt_SLH_DSA_PURE_SHAKE_128S.csv
=================================================================
