NOTE: RAPL energy counter unavailable (/sys/class/powercap/intel-rapl:0/energy_uj: No such file or directory) — energy columns will read as -1.
  On x86 this is almost always a permission issue: /sys/class/powercap/intel-rapl:0/energy_uj is root-only by default.
  Options: run via sudo, `sudo setcap cap_dac_read_search=ep <binary>`, or a udev rule granting read access.
=================================================================
  PQC Benchmark — Dilithium / FALCON / SPHINCS+
  liboqs version : 0.16.0
  iterations     : 100  (+ 100ms time-bounded warm-up)
  message size   : 64 bytes
  output CSV     : /home/vhbraz/bench-full-latest/refopt_clean_arm/opt_ML-DSA-44.csv
  raw samples CSV: /home/vhbraz/bench-full-latest/refopt_clean_arm/opt_ML-DSA-44_raw.csv
  isolating algo : ML-DSA-44
  CPU dispatch   : optimized build, real getauxval read: ARM_NEON=1
                   -> ML-DSA dispatches to: aarch64-optimized (NEON asm)
                   -> Falcon dispatches to: aarch64-optimized
  Timer overhead : CLOCK_MONOTONIC=43.8 ns/call (consistent with vDSO)
                   CLOCK_PROCESS_CPUTIME_ID=836.2 ns/call (consistent with syscall path)
                   (measured here, not assumed — see log_timer_overhead())
=================================================================

[ML-DSA-44 (Dilithium2)]  (NIST Level 2)
  ML-DSA-44 (Dilithium2)       keygen    mean=    268621 cyc  median=    269262 cyc  std=     2345 cyc  P99=    271576 cyc  |  mean=  0.1551 ms  mem_delta=    0 kB  energy=n/a
  ML-DSA-44 (Dilithium2)       sign      mean=    639194 cyc  median=    553150 cyc  std=   305465 cyc  P99=   1496154 cyc  |  mean=  0.3615 ms  mem_delta=    0 kB  energy=n/a
  ML-DSA-44 (Dilithium2)       verify    mean=    247552 cyc  median=    247432 cyc  std=      488 cyc  P99=    249738 cyc  |  mean=  0.1422 ms  mem_delta=    0 kB  energy=n/a
  ML-DSA-44 (Dilithium2)       verify_invalid  mean=    247472 cyc  median=    247400 cyc  std=      444 cyc  P99=    249868 cyc  |  mean=  0.1421 ms  mem_delta=    0 kB  energy=n/a
  Stack high-water mark : 55152 bytes (see /home/vhbraz/bench-full-latest/refopt_clean_arm/opt_ML-DSA-44.csv.stack_hwm_bytes)

=================================================================
  Done. Results written to: /home/vhbraz/bench-full-latest/refopt_clean_arm/opt_ML-DSA-44.csv
=================================================================
